# append-only supply-chain download log -- columns: iso8601_utc_timestamp  url  sha256 (populated by ./build/update in S1)
2026-07-10	https://github.com/astral-sh/ruff/releases/download/0.15.21/ruff-x86_64-unknown-linux-gnu.tar.gz	7ddba1886f39ba918587f9ca37de9651008726834811c19ee83991705bd3e56b
2026-07-10	https://github.com/astral-sh/uv/releases/download/0.11.28/uv-x86_64-unknown-linux-gnu.tar.gz	e490a6464492183c5d4534a5527fb4440f7f2bb2f228162ad7e4afe076dc0224
2026-07-10	https://github.com/astral-sh/ty/releases/download/0.0.58/ty-x86_64-unknown-linux-gnu.tar.gz	1e756543bc02420dbd63189ace4316fa7f3dbf7800b066d3b9db477b215894e0
2026-07-10	https://github.com/starship/starship/releases/download/v1.26.0/starship-x86_64-unknown-linux-gnu.tar.gz	321f0dd7af8340a5f2e6a8fec6538a04f617486f9ec70d878f91c09cd8deef22
2026-07-10	https://github.com/dalance/procs/releases/download/v0.14.12/procs-v0.14.12-x86_64-linux.zip	81964faf9d5cd0e9f399d5d0954fb6fe4d4d9f7d3cbec4507633df5a45b11713
2026-07-10	https://github.com/johnkerl/miller/releases/download/v6.20.2/miller-6.20.2-linux-amd64.tar.gz	73461cd6469df3a0c14a102d6e19ef04528eda08cbd7aedbce5d32ccc7c0428e
2026-07-24	https://github.com/astral-sh/ruff/releases/download/0.16.0/ruff-x86_64-unknown-linux-gnu.tar.gz	98001c995a134d95f9bc83106a7f94b552971b583f1c0ab75fb656a881e13865
2026-07-24	https://github.com/astral-sh/ty/releases/download/0.0.63/ty-x86_64-unknown-linux-gnu.tar.gz	e8916a3c110ace4d4f25e73b5850efd9447e0796d93ec9e1a3ab69bc8c46f56c
2026-07-24	https://github.com/astral-sh/uv/releases/download/0.11.32/uv-x86_64-unknown-linux-gnu.tar.gz	aab924fd522efd06f1c5f3b93a243864fc453132c94b2dc49f1371b528a4b967
2026-07-25T04:51:32Z	https://github.com/YARAHQ/yara-forge/releases/download/20260719/yara-forge-rules-full.zip	ca131d5cf32de14ff07555d018edb7d3624f091a9f2cbaba57a1fec7eaba9861
2026-07-27T19:11:17Z	https://repo.almalinux.org/almalinux/8/AppStream/x86_64/os/Packages/ruby-3.3.10-7.module_el8.10.0+4210+b037b1ec.x86_64.rpm	932212c137f22c481e7ef34cd0fee5fcc13e261d1637cbd0c30a92a4e621f023
2026-07-27T19:11:17Z	https://repo.almalinux.org/almalinux/8/AppStream/x86_64/os/Packages/ruby-libs-3.3.10-7.module_el8.10.0+4210+b037b1ec.x86_64.rpm	68a60cac5e91c8b7b7387517ab126d618429f51aaa22953c88a513c8c549ceb0
2026-07-27T19:11:17Z	https://repo.almalinux.org/almalinux/8/AppStream/x86_64/os/Packages/rubygems-3.5.22-7.module_el8.10.0+4210+b037b1ec.noarch.rpm	fb6bfd75b7b1e00f206ae1438fb6eb1bde8004848c1b5ee4feeb8a3c9d8617e9
2026-07-27T19:11:18Z	https://repo.almalinux.org/almalinux/8/AppStream/x86_64/os/Packages/ruby-bundled-gems-3.3.10-7.module_el8.10.0+4210+b037b1ec.x86_64.rpm	30e1dd96f3999c11654e782fda01201045fbd4fd9114cf2775e8f856ef15e279
2026-07-27T19:11:18Z	https://repo.almalinux.org/almalinux/8/AppStream/x86_64/os/Packages/rubygem-irb-1.13.1-7.module_el8.10.0+4210+b037b1ec.noarch.rpm	dde04713f808f68813402a04b1180a1af330f62764d5ab3ac72959efeeba869e
2026-07-27T19:11:18Z	https://repo.almalinux.org/almalinux/8/AppStream/x86_64/os/Packages/rubygem-json-2.7.2-7.module_el8.10.0+4210+b037b1ec.x86_64.rpm	40577e5fb53023958afc1faa835a72f22c17ee0f7405ee70243cac0ab3ca767f
2026-07-27T19:11:18Z	https://repo.almalinux.org/almalinux/8/AppStream/x86_64/os/Packages/rubygem-bigdecimal-3.1.5-7.module_el8.10.0+4210+b037b1ec.x86_64.rpm	fd01cb89ee67b0bf2305ed1ed6912dbd7185ba9736e1dda81dccc46864523885
2026-07-27T19:11:19Z	https://repo.almalinux.org/almalinux/8/AppStream/x86_64/os/Packages/rubygem-io-console-0.7.1-7.module_el8.10.0+4210+b037b1ec.x86_64.rpm	f05d2baa744e842dd0aa079f32f602b53f5444844a88f2f412f25b97ad85272b
2026-07-27T19:11:19Z	https://repo.almalinux.org/almalinux/8/AppStream/x86_64/os/Packages/rubygem-psych-5.1.2-7.module_el8.10.0+4210+b037b1ec.x86_64.rpm	75451cb7374bc9de02fb635a7d25b5f71ad17f0eb2b5f66aff190f9364f1b997
2026-07-27T19:12:38Z	https://repo.almalinux.org/almalinux/8/AppStream/x86_64/os/Packages/ruby-3.3.10-7.module_el8.10.0+4210+b037b1ec.x86_64.rpm	932212c137f22c481e7ef34cd0fee5fcc13e261d1637cbd0c30a92a4e621f023
2026-07-27T19:12:38Z	https://repo.almalinux.org/almalinux/8/AppStream/x86_64/os/Packages/ruby-libs-3.3.10-7.module_el8.10.0+4210+b037b1ec.x86_64.rpm	68a60cac5e91c8b7b7387517ab126d618429f51aaa22953c88a513c8c549ceb0
2026-07-27T19:12:39Z	https://repo.almalinux.org/almalinux/8/AppStream/x86_64/os/Packages/rubygems-3.5.22-7.module_el8.10.0+4210+b037b1ec.noarch.rpm	fb6bfd75b7b1e00f206ae1438fb6eb1bde8004848c1b5ee4feeb8a3c9d8617e9
2026-07-27T19:12:39Z	https://repo.almalinux.org/almalinux/8/AppStream/x86_64/os/Packages/ruby-bundled-gems-3.3.10-7.module_el8.10.0+4210+b037b1ec.x86_64.rpm	30e1dd96f3999c11654e782fda01201045fbd4fd9114cf2775e8f856ef15e279
2026-07-27T19:12:39Z	https://repo.almalinux.org/almalinux/8/AppStream/x86_64/os/Packages/rubygem-irb-1.13.1-7.module_el8.10.0+4210+b037b1ec.noarch.rpm	dde04713f808f68813402a04b1180a1af330f62764d5ab3ac72959efeeba869e
2026-07-27T19:12:39Z	https://repo.almalinux.org/almalinux/8/AppStream/x86_64/os/Packages/rubygem-json-2.7.2-7.module_el8.10.0+4210+b037b1ec.x86_64.rpm	40577e5fb53023958afc1faa835a72f22c17ee0f7405ee70243cac0ab3ca767f
2026-07-27T19:12:39Z	https://repo.almalinux.org/almalinux/8/AppStream/x86_64/os/Packages/rubygem-bigdecimal-3.1.5-7.module_el8.10.0+4210+b037b1ec.x86_64.rpm	fd01cb89ee67b0bf2305ed1ed6912dbd7185ba9736e1dda81dccc46864523885
2026-07-27T19:12:40Z	https://repo.almalinux.org/almalinux/8/AppStream/x86_64/os/Packages/rubygem-io-console-0.7.1-7.module_el8.10.0+4210+b037b1ec.x86_64.rpm	f05d2baa744e842dd0aa079f32f602b53f5444844a88f2f412f25b97ad85272b
2026-07-27T19:12:40Z	https://repo.almalinux.org/almalinux/8/AppStream/x86_64/os/Packages/rubygem-psych-5.1.2-7.module_el8.10.0+4210+b037b1ec.x86_64.rpm	75451cb7374bc9de02fb635a7d25b5f71ad17f0eb2b5f66aff190f9364f1b997
2026-07-27T19:19:45Z	https://repo.almalinux.org/almalinux/8/AppStream/x86_64/os/Packages/ruby-3.3.10-7.module_el8.10.0+4210+b037b1ec.x86_64.rpm	932212c137f22c481e7ef34cd0fee5fcc13e261d1637cbd0c30a92a4e621f023
2026-07-27T19:19:45Z	https://repo.almalinux.org/almalinux/8/AppStream/x86_64/os/Packages/ruby-libs-3.3.10-7.module_el8.10.0+4210+b037b1ec.x86_64.rpm	68a60cac5e91c8b7b7387517ab126d618429f51aaa22953c88a513c8c549ceb0
2026-07-27T19:19:46Z	https://repo.almalinux.org/almalinux/8/AppStream/x86_64/os/Packages/rubygems-3.5.22-7.module_el8.10.0+4210+b037b1ec.noarch.rpm	fb6bfd75b7b1e00f206ae1438fb6eb1bde8004848c1b5ee4feeb8a3c9d8617e9
2026-07-27T19:19:46Z	https://repo.almalinux.org/almalinux/8/AppStream/x86_64/os/Packages/ruby-bundled-gems-3.3.10-7.module_el8.10.0+4210+b037b1ec.x86_64.rpm	30e1dd96f3999c11654e782fda01201045fbd4fd9114cf2775e8f856ef15e279
2026-07-27T19:19:46Z	https://repo.almalinux.org/almalinux/8/AppStream/x86_64/os/Packages/rubygem-irb-1.13.1-7.module_el8.10.0+4210+b037b1ec.noarch.rpm	dde04713f808f68813402a04b1180a1af330f62764d5ab3ac72959efeeba869e
2026-07-27T19:19:47Z	https://repo.almalinux.org/almalinux/8/AppStream/x86_64/os/Packages/rubygem-json-2.7.2-7.module_el8.10.0+4210+b037b1ec.x86_64.rpm	40577e5fb53023958afc1faa835a72f22c17ee0f7405ee70243cac0ab3ca767f
2026-07-27T19:19:47Z	https://repo.almalinux.org/almalinux/8/AppStream/x86_64/os/Packages/rubygem-bigdecimal-3.1.5-7.module_el8.10.0+4210+b037b1ec.x86_64.rpm	fd01cb89ee67b0bf2305ed1ed6912dbd7185ba9736e1dda81dccc46864523885
2026-07-27T19:19:47Z	https://repo.almalinux.org/almalinux/8/AppStream/x86_64/os/Packages/rubygem-io-console-0.7.1-7.module_el8.10.0+4210+b037b1ec.x86_64.rpm	f05d2baa744e842dd0aa079f32f602b53f5444844a88f2f412f25b97ad85272b
2026-07-27T19:19:47Z	https://repo.almalinux.org/almalinux/8/AppStream/x86_64/os/Packages/rubygem-psych-5.1.2-7.module_el8.10.0+4210+b037b1ec.x86_64.rpm	75451cb7374bc9de02fb635a7d25b5f71ad17f0eb2b5f66aff190f9364f1b997
2026-07-27T19:19:48Z	https://repo.almalinux.org/almalinux/8/AppStream/x86_64/os/Packages/rubygem-rdoc-6.6.3.1-7.module_el8.10.0+4210+b037b1ec.noarch.rpm	16609a745d44377dcc550a7f741a0ef935c40598893026521f52ebbbefd21468
2026-08-03T18:12:51Z	https://github.com/YARAHQ/yara-forge/releases/download/20260802/yara-forge-rules-full.zip	b2d6ae823ae97088a79b94855e21c9795467d3618510a50f041a7bb9019f6f23
2026-08-05T18:57:17Z	https://repo.almalinux.org/almalinux/8/AppStream/x86_64/os/Packages/ruby-devel-3.3.10-7.module_el8.10.0+4210+b037b1ec.x86_64.rpm	11c56a5abd6188745b4a21b6f1aef438c84296475c60d7f048ed9691bdf12ab3
2026-08-05T18:57:18Z	https://repo.almalinux.org/almalinux/8/AppStream/x86_64/os/Packages/ruby-libs-3.3.10-7.module_el8.10.0+4210+b037b1ec.x86_64.rpm	68a60cac5e91c8b7b7387517ab126d618429f51aaa22953c88a513c8c549ceb0
2026-08-05T18:57:18Z	https://repo.almalinux.org/almalinux/8/AppStream/x86_64/os/Packages/rubygems-3.5.22-7.module_el8.10.0+4210+b037b1ec.noarch.rpm	fb6bfd75b7b1e00f206ae1438fb6eb1bde8004848c1b5ee4feeb8a3c9d8617e9
2026-08-05T18:58:20Z	https://repo.almalinux.org/almalinux/8/AppStream/x86_64/os/Packages/ruby-devel-3.3.10-7.module_el8.10.0+4210+b037b1ec.x86_64.rpm	11c56a5abd6188745b4a21b6f1aef438c84296475c60d7f048ed9691bdf12ab3
2026-08-05T18:58:21Z	https://repo.almalinux.org/almalinux/8/AppStream/x86_64/os/Packages/ruby-libs-3.3.10-7.module_el8.10.0+4210+b037b1ec.x86_64.rpm	68a60cac5e91c8b7b7387517ab126d618429f51aaa22953c88a513c8c549ceb0
2026-08-05T18:58:21Z	https://repo.almalinux.org/almalinux/8/AppStream/x86_64/os/Packages/ruby-3.3.10-7.module_el8.10.0+4210+b037b1ec.x86_64.rpm	932212c137f22c481e7ef34cd0fee5fcc13e261d1637cbd0c30a92a4e621f023
2026-08-05T18:58:21Z	https://repo.almalinux.org/almalinux/8/AppStream/x86_64/os/Packages/rubygems-3.5.22-7.module_el8.10.0+4210+b037b1ec.noarch.rpm	fb6bfd75b7b1e00f206ae1438fb6eb1bde8004848c1b5ee4feeb8a3c9d8617e9
2026-08-05T19:11:37Z	https://repo.almalinux.org/almalinux/8/AppStream/x86_64/os/Packages/ruby-devel-3.3.10-7.module_el8.10.0+4210+b037b1ec.x86_64.rpm	11c56a5abd6188745b4a21b6f1aef438c84296475c60d7f048ed9691bdf12ab3
2026-08-05T19:11:38Z	https://repo.almalinux.org/almalinux/8/AppStream/x86_64/os/Packages/ruby-libs-3.3.10-7.module_el8.10.0+4210+b037b1ec.x86_64.rpm	68a60cac5e91c8b7b7387517ab126d618429f51aaa22953c88a513c8c549ceb0
2026-08-05T19:11:38Z	https://repo.almalinux.org/almalinux/8/AppStream/x86_64/os/Packages/ruby-3.3.10-7.module_el8.10.0+4210+b037b1ec.x86_64.rpm	932212c137f22c481e7ef34cd0fee5fcc13e261d1637cbd0c30a92a4e621f023
2026-08-05T19:11:39Z	https://repo.almalinux.org/almalinux/8/AppStream/x86_64/os/Packages/rubygems-3.5.22-7.module_el8.10.0+4210+b037b1ec.noarch.rpm	fb6bfd75b7b1e00f206ae1438fb6eb1bde8004848c1b5ee4feeb8a3c9d8617e9
2026-08-07T17:40:29Z	https://github.com/astral-sh/uv/releases/download/0.12.3/uv-x86_64-unknown-linux-gnu.tar.gz	600cf9a742aca00d292673b16b5acffaa7b8c269a364ad0c2e79498dcb1fe101
2026-08-07T17:40:36Z	https://github.com/astral-sh/ruff/releases/download/0.16.2/ruff-x86_64-unknown-linux-gnu.tar.gz	3d2c355e641ceb5b608a158c603768fcc908c5009c56c6e78da7487da033b92a
2026-08-07T17:40:38Z	https://github.com/astral-sh/ty/releases/download/0.0.69/ty-x86_64-unknown-linux-gnu.tar.gz	e0ca74dd95433ca6d0eb78291ff08d5bcffb5cea0e3a497583215e663c353444
2026-08-07T17:40:42Z	https://github.com/biomejs/biome/releases/download/%40biomejs%2Fbiome%402.5.7/biome-linux-x64-musl	4609a493068d7a84c61d01d5ed5ec8cafb805bcc520486be63f0a388bbe3c827
2026-08-09T16:44:38Z	https://github.com/YARAHQ/yara-forge/releases/download/20260809/yara-forge-rules-full.zip	760a7d419d82b5b016f55d8d822c04422d4b580c735f5f241aec47b6b95051ee
2026-08-17T00:46:10Z	https://github.com/YARAHQ/yara-forge/releases/download/20260816/yara-forge-rules-full.zip	7524e1a652a3b6d956d133a26d515d13cb81adc08a8bf1004836bbeaba21b21d
2026-08-24T18:35:23Z	https://github.com/YARAHQ/yara-forge/releases/download/20260823/yara-forge-rules-full.zip	1a86dd696a62048b7ddb8b22ccfb28946b2692768d18364363ae4afb75192a06
2026-09-03T18:22:02Z	https://github.com/YARAHQ/yara-forge/releases/download/20260830/yara-forge-rules-full.zip	7b490b5da4f431a4c0c8a8236295b2e09c76d115284d9db976c9a005c5453428
2026-09-08T21:09:26Z	https://github.com/YARAHQ/yara-forge/releases/download/20260906/yara-forge-rules-full.zip	f8dc3910f6c0b645f34b6e729030c5c97426ed63683cce5ddfc07f185b03e2e2
2026-09-13T20:44:05Z	https://github.com/YARAHQ/yara-forge/releases/download/20260913/yara-forge-rules-full.zip	75804814027aa759b6275bfe0e5e828051a785529b12a5a09604739b75c0372e
2026-09-13T23:03:31Z	https://github.com/astral-sh/ruff/releases/download/0.16.7/ruff-x86_64-unknown-linux-gnu.tar.gz	73894c7b7c9a53fd66ed715eb3a1ec65077f316328e377057a98bdb7fcba0326
2026-09-13T23:03:33Z	https://github.com/astral-sh/ty/releases/download/0.0.80/ty-x86_64-unknown-linux-gnu.tar.gz	6c4142846197f39a3ac963a01512126eea2c01813c2fb4cd0ce7356fc1c9304b
2026-09-13T23:03:35Z	https://github.com/astral-sh/uv/releases/download/0.12.13/uv-x86_64-unknown-linux-gnu.tar.gz	745765a3b6e360ad76743599ae5c42e9278c7edf8bbff9fc76d05bf2623a04dd
2026-09-14T02:05:04Z	https://github.com/junegunn/fzf/releases/download/v0.74.4/fzf-0.74.4-linux_amd64.tar.gz	05e6813a337cc722c3ed07e54a764b75cc5d671e2e60459db0ba696ee5fa7504
2026-09-14T02:05:05Z	https://github.com/jesseduffield/lazygit/releases/download/v0.65.1/lazygit_0.65.1_linux_x86_64.tar.gz	02beacbcda0fa342e50ae3480ba8147307353af3fb28e1d5f790e02329c201a6
2026-09-14T02:05:07Z	https://github.com/mikefarah/yq/releases/download/v4.53.6/yq_linux_amd64.tar.gz	38b907b21b1b04327fb9481c595331d925a67c6ee1aabd0ef419d0b7d12dfb3d
2026-09-14T02:05:43Z	https://github.com/mikefarah/yq/releases/download/v4.53.6/yq_linux_amd64.tar.gz	38b907b21b1b04327fb9481c595331d925a67c6ee1aabd0ef419d0b7d12dfb3d
2026-09-14T02:05:45Z	https://github.com/mvdan/sh/releases/download/v3.14.1/shfmt_v3.14.1_linux_amd64	76e77641faa025814b77f153b29796b8e6fa2fca03e0c76a691608b86c7ea7bf
2026-09-14T02:05:45Z	https://github.com/boyter/scc/releases/download/v4.1.0/scc_Linux_x86_64.tar.gz	c7328436d3027f4357d3d7853f7dc3ac2bbcb4ca08f1adad91a27c593884079b
2026-09-14T02:05:47Z	https://github.com/charmbracelet/glow/releases/download/v3.0.0/glow_3.0.0_Linux_x86_64.tar.gz	13e05e4b2acc18d2aee44291aefe6325b077ec321b631a0cfa780e8e3bc33f78
2026-09-14T02:05:48Z	https://github.com/asheshgoplani/agent-deck/releases/download/v1.16.10/agent-deck_1.16.10_linux_amd64.tar.gz	178ecccfea8452ad154f7807ab04b0a03e9f602eba92b16bd4725671661040b5
2026-09-14T02:05:50Z	https://github.com/andyrewlee/amux/releases/download/v0.0.20/amux_0.0.20_linux_amd64.tar.gz	9f929e47e08dbd7b11b30d7ae60ce5c75582e609b26e4566d2ce24883a0f21aa
2026-09-14T02:13:19Z	https://github.com/Canop/broot/releases/download/v1.60.1/broot_1.60.1.zip	de4a054424ac01ef73fb30c3b3fac0cda437e7426388085d7467b5e0aaa1cb55
2026-09-14T02:13:58Z	https://github.com/Canop/broot/releases/download/v1.60.1/broot_1.60.1.zip	de4a054424ac01ef73fb30c3b3fac0cda437e7426388085d7467b5e0aaa1cb55
2026-09-14T02:13:59Z	https://github.com/bootandy/dust/releases/download/v1.2.5/dust-v1.2.5-x86_64-unknown-linux-musl.tar.gz	79813b5743fab1e04c1d9c34042aab865dbe09efb76719e7c7d260568850fabc
2026-09-14T02:14:00Z	https://github.com/sharkdp/fd/releases/download/v10.5.0/fd-v10.5.0-x86_64-unknown-linux-musl.tar.gz	761c72dc8e120d85b22292063be8a796e2eeb20eb3e4f38b8fa2343ccf3514a7
2026-09-14T02:14:00Z	https://github.com/orf/gping/releases/download/gping-v1.21.0/gping-Linux-musl-x86_64.tar.gz	cea59e22f6faf941f054cf0925433a2e3e4e6c42dc5c778b0265279a5056aeec
2026-09-14T02:14:01Z	https://github.com/sxyazi/yazi/releases/download/v26.9.1/yazi-x86_64-unknown-linux-musl.zip	9b9c39decccf8cb0ff53a7d637d38f8a79d93bbd0099f4ea9c619ef6bb392f5d
2026-09-14T02:14:03Z	https://github.com/zellij-org/zellij/releases/download/v0.45.1/zellij-x86_64-unknown-linux-musl.tar.gz	40bcc2e03f5d5ae8e054e39f676081fe12ab70871506996ba595834c3718eefc
2026-09-14T02:20:30Z	https://github.com/ClementTsang/bottom/releases/download/0.14.9/bottom_x86_64-unknown-linux-musl.tar.gz	b4bee5b193e7d3f6e090ac14f0ca15acec2e7fe4ef64988e0bfc492e16c28c9a
2026-09-14T02:20:31Z	https://github.com/biomejs/biome/releases/download/%40biomejs%2Fbiome%402.5.13/biome-linux-x64-musl	bcf687baae8fcb2e15e1dff8dc2557a98295d26debfb1e353a2cdb01f63a9e62
2026-09-14T02:40:53Z	https://repo.almalinux.org/almalinux/8/AppStream/x86_64/os/Packages/ruby-devel-3.3.10-7.module_el8.10.0+4210+b037b1ec.x86_64.rpm	11c56a5abd6188745b4a21b6f1aef438c84296475c60d7f048ed9691bdf12ab3
2026-09-14T02:40:53Z	https://repo.almalinux.org/almalinux/8/AppStream/x86_64/os/Packages/ruby-libs-3.3.10-7.module_el8.10.0+4210+b037b1ec.x86_64.rpm	68a60cac5e91c8b7b7387517ab126d618429f51aaa22953c88a513c8c549ceb0
2026-09-14T02:40:54Z	https://repo.almalinux.org/almalinux/8/AppStream/x86_64/os/Packages/ruby-3.3.10-7.module_el8.10.0+4210+b037b1ec.x86_64.rpm	932212c137f22c481e7ef34cd0fee5fcc13e261d1637cbd0c30a92a4e621f023
2026-09-14T02:40:54Z	https://repo.almalinux.org/almalinux/8/AppStream/x86_64/os/Packages/rubygems-3.5.22-7.module_el8.10.0+4210+b037b1ec.noarch.rpm	fb6bfd75b7b1e00f206ae1438fb6eb1bde8004848c1b5ee4feeb8a3c9d8617e9
2026-09-14T03:10:24Z	https://github.com/sinelaw/fresh/releases/download/v0.5.1/fresh-min-size-x86_64-unknown-linux-musl.tar.xz	7b1b5c284eb08b98a35db85519cb44ed7b430b44b247b006159b0633a73a2ccc
2026-09-14T03:11:45Z	https://github.com/dbrgn/tealdeer/releases/download/v1.9.0/tealdeer-linux-x86_64-musl	dc7263b550e90c0689ea2cb434e3144469805d5dddecbb1f7fc534e1185b7408
2026-09-19T01:26:16Z	https://github.com/AlexanderGrooff/mermaid-ascii/releases/download/1.6.1/mermaid-ascii_Linux_x86_64.tar.gz	9c2844824635415982a8d34be301a0abb1f64599f019892f7d844c4620ce8d41
2026-09-19T02:09:37Z	https://github.com/astral-sh/ruff/releases/download/0.16.8/ruff-x86_64-unknown-linux-gnu.tar.gz	c4a8c7c152532bcb7e7ede4bd6ccd440dcacddffcdcdd79b90090ac6021f41c2
2026-09-19T02:10:09Z	https://github.com/astral-sh/ruff/releases/download/0.16.8/ruff-x86_64-unknown-linux-gnu.tar.gz	c4a8c7c152532bcb7e7ede4bd6ccd440dcacddffcdcdd79b90090ac6021f41c2
2026-09-19T02:10:11Z	https://github.com/astral-sh/uv/releases/download/0.12.17/uv-x86_64-unknown-linux-gnu.tar.gz	fa82fd8dde8e8eefdecada6aa0889666556cfceb690d06e0c3bca49eb3070a63
2026-09-19T02:10:15Z	https://github.com/astral-sh/ty/releases/download/0.0.82/ty-x86_64-unknown-linux-gnu.tar.gz	e446dd69dbb49443b0b1d731c296ba8eb2aa72b98ac0376433d6ae793c2e361a
2026-09-19T02:10:18Z	https://github.com/biomejs/biome/releases/download/%40biomejs%2Fbiome%402.5.14/biome-linux-x64-musl	d15a39b256ca1294fe8f8817f9162f7c26229ca0cb8bd19d0369540c1a01d781
2026-09-19T02:10:22Z	https://github.com/bootandy/dust/releases/download/v1.2.6/dust-v1.2.6-x86_64-unknown-linux-musl.tar.gz	cbf2cb5c9d6227e46fc4b29c03dc43b8632020dfc5cf269d263d6e29c399e044
2026-09-24T03:42:31Z	https://github.com/YARAHQ/yara-forge/releases/download/20260920/yara-forge-rules-full.zip	24673112528aa93e13d5375312732cc2113bf4efdb8cd85f33aaeaebada35951
